  Determining projects to restore...
  All projects are up-to-date for restore.
  IssueTracker.Domain -> S:\Issue tracker\backend\src\IssueTracker.Domain\bin\Debug\net8.0\IssueTracker.Domain.dll
S:\Issue tracker\backend\src\IssueTracker.Application\Services\TaskService.cs(46,43): error CS1061: 'int' does not contain a definition for 'Name' and no accessible extension method 'Name' accepting a first argument of type 'int' could be found (are you missing a using directive or an assembly reference?) [S:\Issue tracker\backend\src\IssueTracker.Application\IssueTracker.Application.csproj]

Build FAILED.

S:\Issue tracker\backend\src\IssueTracker.Application\Services\TaskService.cs(46,43): error CS1061: 'int' does not contain a definition for 'Name' and no accessible extension method 'Name' accepting a first argument of type 'int' could be found (are you missing a using directive or an assembly reference?) [S:\Issue tracker\backend\src\IssueTracker.Application\IssueTracker.Application.csproj]
    0 Warning(s)
    1 Error(s)

Time Elapsed 00:00:01.13
