  Determining projects to restore...
S:\Issue tracker\backend\src\IssueTracker.API\IssueTracker.API.csproj : warning NU1608: Detected package version outside of dependency constraint: Pomelo.EntityFrameworkCore.MySql 9.0.0 requires Microsoft.EntityFrameworkCore.Relational (>= 9.0.0 && <= 9.0.999) but version Microsoft.EntityFrameworkCore.Relational 10.0.1 was resolved. [S:\Issue tracker\backend\IssueTracker.sln]
  All projects are up-to-date for restore.
  IssueTracker.Domain -> S:\Issue tracker\backend\src\IssueTracker.Domain\bin\Debug\net10.0\IssueTracker.Domain.dll
  IssueTracker.Application -> S:\Issue tracker\backend\src\IssueTracker.Application\bin\Debug\net10.0\IssueTracker.Application.dll
S:\Issue tracker\backend\src\IssueTracker.Infrastructure\Data\IssueTrackerContext.cs(17,18): error CS0104: 'Task' is an ambiguous reference between 'IssueTracker.Domain.Entities.Task' and 'System.Threading.Tasks.Task' [S:\Issue tracker\backend\src\IssueTracker.Infrastructure\IssueTracker.Infrastructure.csproj]
S:\Issue tracker\backend\src\IssueTracker.API\IssueTracker.API.csproj : warning NU1608: Detected package version outside of dependency constraint: Pomelo.EntityFrameworkCore.MySql 9.0.0 requires Microsoft.EntityFrameworkCore.Relational (>= 9.0.0 && <= 9.0.999) but version Microsoft.EntityFrameworkCore.Relational 10.0.1 was resolved.

Build FAILED.

S:\Issue tracker\backend\src\IssueTracker.API\IssueTracker.API.csproj : warning NU1608: Detected package version outside of dependency constraint: Pomelo.EntityFrameworkCore.MySql 9.0.0 requires Microsoft.EntityFrameworkCore.Relational (>= 9.0.0 && <= 9.0.999) but version Microsoft.EntityFrameworkCore.Relational 10.0.1 was resolved. [S:\Issue tracker\backend\IssueTracker.sln]
S:\Issue tracker\backend\src\IssueTracker.API\IssueTracker.API.csproj : warning NU1608: Detected package version outside of dependency constraint: Pomelo.EntityFrameworkCore.MySql 9.0.0 requires Microsoft.EntityFrameworkCore.Relational (>= 9.0.0 && <= 9.0.999) but version Microsoft.EntityFrameworkCore.Relational 10.0.1 was resolved.
S:\Issue tracker\backend\src\IssueTracker.Infrastructure\Data\IssueTrackerContext.cs(17,18): error CS0104: 'Task' is an ambiguous reference between 'IssueTracker.Domain.Entities.Task' and 'System.Threading.Tasks.Task' [S:\Issue tracker\backend\src\IssueTracker.Infrastructure\IssueTracker.Infrastructure.csproj]
    2 Warning(s)
    1 Error(s)

Time Elapsed 00:00:01.08
